{
  "nautobot-ns.10.31.128.1.22": {
    "address": "10.31.128.1",
    "devtype": null,
    "enable_password": null,
    "hostname": "ang01-edge-01",
    "ignore_known_hosts": false,
    "jump_host": null,
    "jump_host_key_file": null,
    "namespace": "nautobot-ns",
    "passphrase": null,
    "password": "password",
    "per_cmd_auth": true,
    "port": 22,
    "retries_on_auth_fail": 0,
    "slow_host": false,
    "ssh_keyfile": null,
    "transport": "ssh",
    "username": "username"
  }
}
